[2026-06-04 22:33:06:336] [[32minfo[39m]: [32mRate limiter RedisStore initialized successfully[39m
[2026-06-04 22:33:06:336] [[33mwarn[39m]: [33mGemini API Key is missing or default placeholder. AI Provider will run in demo/mock mode.[39m
[2026-06-04 22:33:06:336] [[32minfo[39m]: [32mRedis client connected[39m
[2026-06-04 22:33:06:336] [[32minfo[39m]: [32mMongoDB connected successfully[39m
[2026-06-04 22:33:06:336] [[32minfo[39m]: [32mSocket.IO Gateway initialized[39m
[2026-06-04 22:33:06:336] [[32minfo[39m]: [32mEvent listeners initialized[39m
[2026-06-04 22:33:06:336] [[32minfo[39m]: [32mBullMQ worker service initialized[39m
[2026-06-04 22:33:06:336] [[32minfo[39m]: [32mVedaAI backend server successfully running on port 5001[39m
[2026-06-04 22:33:43:3343] [[32minfo[39m]: [32mSocket client connected: _w9fOTH9UsX85fe2AAAB[39m
[2026-06-04 22:33:43:3343] [[31merror[39m]: [31mGet assignment by ID error: Cast to ObjectId failed for value "assignments" (type string) at path "_id" for model "Assignment"[39m
[2026-06-04 22:33:43:3343] [[31merror[39m]: [31mGet assignment by ID error: Cast to ObjectId failed for value "assignments" (type string) at path "_id" for model "Assignment"[39m
[2026-06-04 22:33:44:3344] [[31merror[39m]: [31mGet assignment by ID error: Cast to ObjectId failed for value "assignments" (type string) at path "_id" for model "Assignment"[39m
[2026-06-04 22:33:44:3344] [[31merror[39m]: [31mGet assignment by ID error: Cast to ObjectId failed for value "assignments" (type string) at path "_id" for model "Assignment"[39m
[2026-06-04 22:33:46:3346] [[31merror[39m]: [31mGet assignment by ID error: Cast to ObjectId failed for value "assignments" (type string) at path "_id" for model "Assignment"[39m
[2026-06-04 22:33:46:3346] [[31merror[39m]: [31mGet assignment by ID error: Cast to ObjectId failed for value "assignments" (type string) at path "_id" for model "Assignment"[39m
[2026-06-04 22:33:56:3356] [[31merror[39m]: [31mGet assignment by ID error: Cast to ObjectId failed for value "assignments" (type string) at path "_id" for model "Assignment"[39m
[2026-06-04 22:33:56:3356] [[31merror[39m]: [31mGet assignment by ID error: Cast to ObjectId failed for value "assignments" (type string) at path "_id" for model "Assignment"[39m
[2026-06-04 22:33:58:3358] [[31merror[39m]: [31mGet assignment by ID error: Cast to ObjectId failed for value "assignments" (type string) at path "_id" for model "Assignment"[39m
[2026-06-04 22:33:58:3358] [[31merror[39m]: [31mGet assignment by ID error: Cast to ObjectId failed for value "assignments" (type string) at path "_id" for model "Assignment"[39m
[2026-06-04 22:34:07:347] [[31merror[39m]: [31mGet assignment by ID error: Cast to ObjectId failed for value "assignments" (type string) at path "_id" for model "Assignment"[39m
[2026-06-04 22:34:07:347] [[31merror[39m]: [31mGet assignment by ID error: Cast to ObjectId failed for value "assignments" (type string) at path "_id" for model "Assignment"[39m
[2026-06-04 22:34:41:3441] [[32minfo[39m]: [32mSocket client connected: zHV2EQyOH7jg526bAAAD[39m
[2026-06-04 22:34:44:3444] [[32minfo[39m]: [32mSocket client disconnected: _w9fOTH9UsX85fe2AAAB[39m
[2026-06-04 22:34:51:3451] [[32minfo[39m]: [32mSocket client disconnected: zHV2EQyOH7jg526bAAAD[39m
[2026-06-04 22:34:55:3455] [[32minfo[39m]: [32mSocket client connected: kCLMzvvubT55xRIyAAAF[39m
[2026-06-04 22:36:17:3617] [[32minfo[39m]: [32mExtracting text from uploaded file: VedaAI_Full_stack_Web_Development_Paper.pdf (application/pdf)[39m
[2026-06-04 22:36:17:3617] [[32minfo[39m]: [32mText extraction successful. Total characters: 15203[39m
[2026-06-04 22:36:17:3617] [[32minfo[39m]: [32mSaved Assignment schema: 6a21b0893ccd76820b52a6aa[39m
[2026-06-04 22:36:17:3617] [[32minfo[39m]: [32mEvent [assignment:queued] - Assignment ID: 6a21b0893ccd76820b52a6aa[39m
[2026-06-04 22:36:17:3617] [[32minfo[39m]: [32mQueued assessment job 6a21b0893ccd76820b52a6aa-default-1780592777709 for Assignment: 6a21b0893ccd76820b52a6aa with variant: default[39m
[2026-06-04 22:36:17:3617] [[32minfo[39m]: [32mStarting execution of job 6a21b0893ccd76820b52a6aa-default-1780592777709 for Assignment: 6a21b0893ccd76820b52a6aa[39m
[2026-06-04 22:36:17:3617] [[32minfo[39m]: [32mEvent [assignment:started] - Assignment ID: 6a21b0893ccd76820b52a6aa, Job ID: 6a21b0893ccd76820b52a6aa-default-1780592777709[39m
[2026-06-04 22:36:18:3618] [[32minfo[39m]: [32m[Syllabus Processing] Cleaned syllabus character count: 15199[39m
[2026-06-04 22:36:18:3618] [[32minfo[39m]: [32m[Syllabus Processing] Syllabus exceeds threshold. Chunking and retrieving relevant sections...[39m
[2026-06-04 22:36:18:3618] [[32minfo[39m]: [32m[Syllabus Processing] Query keywords for retrieval: vedaaifullstackwebdevelopmentpaper[39m
[2026-06-04 22:36:18:3618] [[32minfo[39m]: [32m[Syllabus Processing] Retrieved 6 relevant chunks out of 12.[39m
[2026-06-04 22:36:18:3618] [[32minfo[39m]: [32m[Syllabus Extraction] Demo Mode: Extracting syllabus topics programmatically.[39m
[2026-06-04 22:36:18:3618] [[32minfo[39m]: [32m[Syllabus Extraction] Programmatic extraction found 98 topics.[39m
[2026-06-04 22:36:18:3618] [[32minfo[39m]: [32mDemo Mode: Simulating dynamic AI generation with a brief delay.[39m
[2026-06-04 22:36:19:3619] [[32minfo[39m]: [32m[Mock Generator] Generating 7 grounded mock questions for topics: DELHI PUBLIC SCHOOL, BOKARO, SECTION A, A) Hyper Text Markup Language, B) High Text Markup Language, D) Hyper Text Markdown Language, [1 Mark], A) Django, B) React, C) Laravel, D) Spring, A) GET, B) POST, C) PUT, D) DELETE, A) MySQL, B) PostgreSQL, C) MongoDB, D) HTML, A) Representational State Transfer, B) Reflective State Transfer[39m
[2026-06-04 22:36:19:3619] [[32minfo[39m]: [32m[Normalization] Normalizing paper to exact questions: 7, marks: 10[39m
[2026-06-04 22:36:19:3619] [[32minfo[39m]: [32m[Worker] Invalidated Redis cache for assignment 6a21b0893ccd76820b52a6aa after completion[39m
[2026-06-04 22:36:19:3619] [[32minfo[39m]: [32mEvent [assignment:completed] - Assignment ID: 6a21b0893ccd76820b52a6aa, Completed in 1802ms[39m
[2026-06-04 22:36:19:3619] [[32minfo[39m]: [32mSuccessfully completed generation of Assignment: 6a21b0893ccd76820b52a6aa in 1802ms[39m
[2026-06-04 22:37:47:3747] [[32minfo[39m]: [32mRate limiter RedisStore initialized successfully[39m
[2026-06-04 22:37:48:3748] [[33mwarn[39m]: [33mGemini API Key is missing or default placeholder. AI Provider will run in demo/mock mode.[39m
[2026-06-04 22:37:48:3748] [[32minfo[39m]: [32mRedis client connected[39m
[2026-06-04 22:37:48:3748] [[32minfo[39m]: [32mMongoDB connected successfully[39m
[2026-06-04 22:37:48:3748] [[32minfo[39m]: [32mSocket.IO Gateway initialized[39m
[2026-06-04 22:37:48:3748] [[32minfo[39m]: [32mEvent listeners initialized[39m
[2026-06-04 22:37:48:3748] [[32minfo[39m]: [32mBullMQ worker service initialized[39m
[2026-06-04 22:37:48:3748] [[32minfo[39m]: [32mVedaAI backend server successfully running on port 5001[39m
[2026-06-04 22:37:49:3749] [[32minfo[39m]: [32mSocket client connected: dLhv0SjQ-sSXzgZSAAAB[39m
[2026-06-04 22:37:55:3755] [[32minfo[39m]: [32mRate limiter RedisStore initialized successfully[39m
[2026-06-04 22:37:55:3755] [[33mwarn[39m]: [33mGemini API Key is missing or default placeholder. AI Provider will run in demo/mock mode.[39m
[2026-06-04 22:37:55:3755] [[32minfo[39m]: [32mRedis client connected[39m
[2026-06-04 22:37:55:3755] [[32minfo[39m]: [32mMongoDB connected successfully[39m
[2026-06-04 22:37:55:3755] [[32minfo[39m]: [32mSocket.IO Gateway initialized[39m
[2026-06-04 22:37:55:3755] [[32minfo[39m]: [32mEvent listeners initialized[39m
[2026-06-04 22:37:55:3755] [[32minfo[39m]: [32mBullMQ worker service initialized[39m
[2026-06-04 22:37:55:3755] [[32minfo[39m]: [32mVedaAI backend server successfully running on port 5001[39m
[2026-06-04 22:37:55:3755] [[32minfo[39m]: [32mSocket client connected: 1nmzCsiWUZQ4VNJrAAAB[39m
[2026-06-04 22:38:06:386] [[32minfo[39m]: [32mRate limiter RedisStore initialized successfully[39m
[2026-06-04 22:38:06:386] [[33mwarn[39m]: [33mGemini API Key is missing or default placeholder. AI Provider will run in demo/mock mode.[39m
[2026-06-04 22:38:06:386] [[32minfo[39m]: [32mMongoDB connected successfully[39m
[2026-06-04 22:38:06:386] [[32minfo[39m]: [32mSocket.IO Gateway initialized[39m
[2026-06-04 22:38:06:386] [[32minfo[39m]: [32mEvent listeners initialized[39m
[2026-06-04 22:38:06:386] [[32minfo[39m]: [32mBullMQ worker service initialized[39m
[2026-06-04 22:38:06:386] [[32minfo[39m]: [32mVedaAI backend server successfully running on port 5001[39m
[2026-06-04 22:38:06:386] [[32minfo[39m]: [32mRedis client connected[39m
[2026-06-04 22:38:07:387] [[32minfo[39m]: [32mSocket client connected: xKw-ttPFpG34PwzaAAAB[39m
[2026-06-04 22:38:18:3818] [[32minfo[39m]: [32mRate limiter RedisStore initialized successfully[39m
[2026-06-04 22:38:18:3818] [[33mwarn[39m]: [33mGemini API Key is missing or default placeholder. AI Provider will run in demo/mock mode.[39m
[2026-06-04 22:38:18:3818] [[32minfo[39m]: [32mRedis client connected[39m
[2026-06-04 22:38:18:3818] [[32minfo[39m]: [32mMongoDB connected successfully[39m
[2026-06-04 22:38:18:3818] [[32minfo[39m]: [32mSocket.IO Gateway initialized[39m
[2026-06-04 22:38:18:3818] [[32minfo[39m]: [32mEvent listeners initialized[39m
[2026-06-04 22:38:18:3818] [[32minfo[39m]: [32mBullMQ worker service initialized[39m
[2026-06-04 22:38:18:3818] [[32minfo[39m]: [32mVedaAI backend server successfully running on port 5001[39m
[2026-06-04 22:38:18:3818] [[32minfo[39m]: [32mSocket client connected: 2ABszgl4p11Q068CAAAB[39m
[2026-06-04 22:38:32:3832] [[32minfo[39m]: [32mRate limiter RedisStore initialized successfully[39m
[2026-06-04 22:38:32:3832] [[33mwarn[39m]: [33mGemini API Key is missing or default placeholder. AI Provider will run in demo/mock mode.[39m
[2026-06-04 22:38:32:3832] [[32minfo[39m]: [32mMongoDB connected successfully[39m
[2026-06-04 22:38:32:3832] [[32minfo[39m]: [32mSocket.IO Gateway initialized[39m
[2026-06-04 22:38:32:3832] [[32minfo[39m]: [32mEvent listeners initialized[39m
[2026-06-04 22:38:32:3832] [[32minfo[39m]: [32mBullMQ worker service initialized[39m
[2026-06-04 22:38:32:3832] [[32minfo[39m]: [32mVedaAI backend server successfully running on port 5001[39m
[2026-06-04 22:38:32:3832] [[32minfo[39m]: [32mRedis client connected[39m
[2026-06-04 22:38:34:3834] [[32minfo[39m]: [32mSocket client connected: LMqBhpx0BSGXAX46AAAB[39m
[2026-06-04 22:46:42:4642] [[33mwarn[39m]: [33mGemini API Key is missing or default placeholder. AI Provider will run in demo/mock mode.[39m
[2026-06-04 22:46:42:4642] [[32minfo[39m]: [32m[Normalization] Normalizing paper to exact questions: 3, marks: 10[39m
[2026-06-04 22:46:42:4642] [[32minfo[39m]: [32m[Normalization] Trimming questions from 4 to 3[39m
[2026-06-04 22:46:42:4642] [[32minfo[39m]: [32m[Normalization] Normalizing paper to exact questions: 3, marks: 15[39m
[2026-06-04 22:46:42:4642] [[32minfo[39m]: [32m[Normalization] Generating 2 filler questions[39m
[2026-06-04 22:46:42:4642] [[32minfo[39m]: [32m[Normalization] Normalizing paper to exact questions: 3, marks: 10[39m
[2026-06-04 22:46:42:4642] [[32minfo[39m]: [32m[Normalization] Normalizing paper to exact questions: 5, marks: 20[39m
[2026-06-04 22:46:42:4642] [[32minfo[39m]: [32m[Normalization] Generating 4 filler questions[39m
[2026-06-04 22:46:42:4642] [[32minfo[39m]: [32m[Normalization] Normalizing paper to exact questions: 50, marks: 25[39m
[2026-06-04 22:46:42:4642] [[32minfo[39m]: [32m[Syllabus Processing] Cleaned syllabus character count: 68[39m
[2026-06-04 22:46:42:4642] [[32minfo[39m]: [32m[Syllabus Processing] Syllabus is small. Using full cleaned text.[39m
[2026-06-04 22:46:42:4642] [[32minfo[39m]: [32m[Syllabus Processing] Cleaned syllabus character count: 9161[39m
[2026-06-04 22:46:42:4642] [[32minfo[39m]: [32m[Syllabus Processing] Syllabus exceeds threshold. Chunking and retrieving relevant sections...[39m
[2026-06-04 22:46:42:4642] [[32minfo[39m]: [32m[Syllabus Processing] Query keywords for retrieval: relational, algebra, dbms[39m
[2026-06-04 22:46:42:4642] [[32minfo[39m]: [32m[Syllabus Processing] Retrieved 3 relevant chunks out of 8.[39m
[2026-06-04 22:46:42:4642] [[32minfo[39m]: [32m[Syllabus Extraction] Demo Mode: Extracting syllabus topics programmatically.[39m
[2026-06-04 22:46:42:4642] [[32minfo[39m]: [32m[Syllabus Extraction] Programmatic extraction found 6 topics.[39m
[2026-06-04 22:46:42:4642] [[32minfo[39m]: [32m[Topic Distribution] Balanced topic coverage counts: {"Topic A":1,"Topic B":1,"Topic C":1}[39m
[2026-06-04 22:46:46:4646] [[32minfo[39m]: [32mRate limiter CacheStore initialized successfully[39m
[2026-06-04 22:46:46:4646] [[33mwarn[39m]: [33mGemini API Key is missing or default placeholder. AI Provider will run in demo/mock mode.[39m
[2026-06-04 22:46:46:4646] [[32minfo[39m]: [32mCache client connected[39m
[2026-06-04 22:46:46:4646] [[32minfo[39m]: [32mDatabase connected successfully[39m
[2026-06-04 22:46:46:4646] [[32minfo[39m]: [32mSocket.IO Gateway initialized[39m
[2026-06-04 22:46:46:4646] [[32minfo[39m]: [32mEvent listeners initialized[39m
[2026-06-04 22:46:46:4646] [[32minfo[39m]: [32mBullMQ worker service initialized[39m
[2026-06-04 22:46:46:4646] [[32minfo[39m]: [32mAssessify backend server successfully running on port 5001[39m
[2026-06-04 22:47:42:4742] [[32minfo[39m]: [32mExtracting text from uploaded file: test_syllabus.txt (text/plain)[39m
[2026-06-04 22:47:42:4742] [[32minfo[39m]: [32mText extraction successful. Total characters: 399[39m
[2026-06-04 22:47:42:4742] [[32minfo[39m]: [32mSaved Exam schema: 6a21b3362fb5c8382bed63c7[39m
[2026-06-04 22:47:42:4742] [[32minfo[39m]: [32mEvent [exam:queued] - Exam ID: 6a21b3362fb5c8382bed63c7[39m
[2026-06-04 22:47:42:4742] [[32minfo[39m]: [32mQueued exam job 6a21b3362fb5c8382bed63c7-default-1780593462839 for Exam: 6a21b3362fb5c8382bed63c7 with variant: default[39m
[2026-06-04 22:47:42:4742] [[32minfo[39m]: [32mStarting execution of job 6a21b3362fb5c8382bed63c7-default-1780593462839 for Exam: 6a21b3362fb5c8382bed63c7[39m
[2026-06-04 22:47:42:4742] [[32minfo[39m]: [32mEvent [exam:started] - Exam ID: 6a21b3362fb5c8382bed63c7, Job ID: 6a21b3362fb5c8382bed63c7-default-1780593462839[39m
[2026-06-04 22:47:42:4742] [[32minfo[39m]: [32m[Syllabus Processing] Cleaned syllabus character count: 398[39m
[2026-06-04 22:47:42:4742] [[32minfo[39m]: [32m[Syllabus Processing] Syllabus is small. Using full cleaned text.[39m
[2026-06-04 22:47:42:4742] [[32minfo[39m]: [32m[Syllabus Extraction] Demo Mode: Extracting syllabus topics programmatically.[39m
[2026-06-04 22:47:42:4742] [[32minfo[39m]: [32m[Syllabus Extraction] Programmatic extraction found 2 topics.[39m
[2026-06-04 22:47:42:4742] [[32minfo[39m]: [32mDemo Mode: Simulating dynamic AI generation with a brief delay.[39m
[2026-06-04 22:47:44:4744] [[32minfo[39m]: [32m[Mock Generator] Generating 5 grounded mock questions for topics: Syllabus Topics, Safety precautions during electrical experiments[39m
[2026-06-04 22:47:44:4744] [[32minfo[39m]: [32m[Normalization] Normalizing paper to exact questions: 5, marks: 15[39m
[2026-06-04 22:47:44:4744] [[32minfo[39m]: [32m[Worker] Invalidated Cache for exam 6a21b3362fb5c8382bed63c7 after completion[39m
[2026-06-04 22:47:44:4744] [[32minfo[39m]: [32mEvent [exam:completed] - Exam ID: 6a21b3362fb5c8382bed63c7, Completed in 1543ms[39m
[2026-06-04 22:47:44:4744] [[32minfo[39m]: [32mSuccessfully completed generation of Exam: 6a21b3362fb5c8382bed63c7 in 1543ms[39m
[2026-06-04 22:47:48:4748] [[32minfo[39m]: [32mGenerating PDF for Exam: CBSE Grade 8 Electricity Midterm[39m
